Loaded 50/354 symbols
Loaded 100/354 symbols
Loaded 150/354 symbols
Loaded 200/354 symbols
Loaded 250/354 symbols
  Cache outdated for 600930.SH, re-fetching enriched data.
Loaded 300/354 symbols
Loaded 350/354 symbols
Generation 0
Generation 1
Generation 2
Traceback (most recent call last):
  File "<frozen runpy>", line 198, in _run_module_as_main
  File "<frozen runpy>", line 88, in _run_code
  File "C:\aicoding\semas_framework\china_a_share_alpha\scripts\run_enhanced_factor_loop.py", line 117, in <module>
    raise SystemExit(main())
                     ~~~~^^
  File "C:\aicoding\semas_framework\china_a_share_alpha\scripts\run_enhanced_factor_loop.py", line 110, in main
    result = run_enhanced_config(cfg)
  File "C:\aicoding\semas_framework\china_a_share_alpha\scripts\run_enhanced_factor_loop.py", line 64, in run_enhanced_config
    population.run_generation()
    ~~~~~~~~~~~~~~~~~~~~~~~~~^^
  File "C:\aicoding\semas_framework\china_a_share_alpha\loop\enhanced_population.py", line 97, in run_generation
    evaluated = self.evaluate_population()
  File "C:\aicoding\semas_framework\china_a_share_alpha\loop\population.py", line 196, in evaluate_population
    results.append(self.evaluate(agent))
                   ~~~~~~~~~~~~~^^^^^^^
  File "C:\aicoding\semas_framework\china_a_share_alpha\loop\population.py", line 141, in evaluate
    output = self._executor(agent, {})
  File "C:\aicoding\semas_framework\china_a_share_alpha\executor.py", line 43, in executor
    train_factor = expr.eval(train_data)
  File "C:\aicoding\semas_framework\china_a_share_alpha\factor\expression.py", line 202, in eval
    x = self.child.eval(data)
  File "C:\aicoding\semas_framework\china_a_share_alpha\factor\expression.py", line 93, in eval
    x = self.child.eval(data)
  File "C:\aicoding\semas_framework\china_a_share_alpha\factor\expression.py", line 134, in eval
    l = self.left.eval(data)
  File "C:\aicoding\semas_framework\china_a_share_alpha\factor\expression.py", line 93, in eval
    x = self.child.eval(data)
  File "C:\aicoding\semas_framework\china_a_share_alpha\factor\expression.py", line 134, in eval
    l = self.left.eval(data)
  File "C:\aicoding\semas_framework\china_a_share_alpha\factor\expression.py", line 101, in eval
    return np.sign(x)
           ~~~~~~~^^^
  File "C:\Users\xmupt\AppData\Local\Programs\Python\Python314\Lib\site-packages\pandas\core\generic.py", line 2060, in __array_ufunc__
    return arraylike.array_ufunc(self, ufunc, method, *inputs, **kwargs)
           ~~~~~~~~~~~~~~~~~~~~~^^^^^^^^^^^^^^^^^^^^^^^^^^^^^^^^^^^^^^^^
  File "C:\Users\xmupt\AppData\Local\Programs\Python\Python314\Lib\site-packages\pandas\core\arraylike.py", line 402, in array_ufunc
    result = getattr(ufunc, method)(*inputs, **kwargs)
TypeError: '<' not supported between instances of 'NoneType' and 'int'
Loaded 50/354 symbols
Loaded 100/354 symbols
Loaded 150/354 symbols
Loaded 200/354 symbols
Loaded 250/354 symbols
  Cache outdated for 600930.SH, re-fetching enriched data.
Loaded 300/354 symbols
Loaded 350/354 symbols
Generation 0
Generation 1
Generation 2
Generation 3
Enhanced evoluGeneration 5
Enhanced evolution completed.
{'best': {'rank': 1, 'candidate_id': '97606e22', 'generation': 1, 'expression': 'hk_vol', 'train_score': 0.0038008132508602706, 'train_ic': 0.0011210977851276868, 'test_ic': 0.05375367963874157, 'test_rank_ic': 0.05478878853608823, 'turnover': 3.700865258449631e-05, 'test_sharpe': 3.702433563729173, 'test_mdd': -0.6549583927415255}, 'leaderboard_path': 'china_a_share_alpha_output\\factor_mining_loop_10d\\iter_0008\\evolution\\factor_loop_leaderboard.csv'}
0/354 symbols
Loaded 100/354 symbols
Loaded 150/354 symbols
Loaded 200/354 symbols
Loaded 250/354 symbols
  Cache outdated for 600930.SH, re-fetching enriched data.
Loaded 300/354 symbols
Loaded 350/354 symbols
Generation 0
