Loaded 50/354 symbols
Loaded 100/354 symbols
Loaded 150/354 symbols
Loaded 200/354 symbols
Loaded 250/354 symbols
  Cache outdated for 600930.SH, re-fetching enriched data.
Loaded 300/354 symbols
Loaded 350/354 symbols
Kept 15 / 26 factors
Skipped reasons written to china_a_share_alpha_output\factor_mining_loop\iter_0045\cleaned_library_summary.json
 rank    factor  train_ic   val_ic   test_ic  test_sharpe  test_turnover                                                                                                                                                                                                                                              expression
    1 factor_24  0.005547 0.029821  0.005425     0.023087       0.001462                                                                                                                                                                                                           cs_rank(ts_zscore(ts_argmin(log(pb), 3), 60))
    2 factor_25  0.010210 0.026641  0.004864     1.142161       0.000585                                                                                                                                                           cs_zscore(div(sub(greater(eps, neg(0.033)), sub(ocfps, turnover_rate)), winsorize(total_mv)))
    3 factor_18  0.006696 0.018796 -0.001034     0.676714       0.002632                                                                                     if_else(roe_dt, mul(ts_max(winsorize(eps), 3), neg(0.639)), mul(add(mul(sign(ts_mean(ts_corr(grossprofit_margin, circ_mv, 5), 10)), 0.552), net_mf_amount), 1.437))
    4 factor_15  0.015896 0.016096  0.007440     0.000000       0.001563                                                                                                                                                                                                                             ts_zscore(netprofit_yoy, 3)
    5 factor_18  0.015896 0.016096  0.007440     0.000000       0.001563                                                                                                                                                               if_else(volume, ts_zscore(netprofit_yoy, 3), ts_rank(neg(ts_rank(turnover_rate, 20)), 5))
    6 factor_12  0.005573 0.012200  0.007444     0.280581       0.001265                                                                                                                                                                                                             ts_rank(neg(ts_rank(turnover_rate, 20)), 5)
    7 factor_61  0.009651 0.009391  0.001011     0.523676       0.003135 if_else(ts_min(if_else(less(0.917, close), less(vwap, net_mf_amount), if_else(0.982, 0.224, hk_vol)), 3), neg(if_else(-0.618, sign(volume), low)), ts_mean(if_else(if_else(grossprofit_margin, net_elg_amount, 0.312), -0.762, ts_rank(open, 20)), 10))
    8  factor_4  0.007546 0.008877  0.009462     0.905863       0.000095                                                                                                                                                                                    if_else(volume, adx_14, ts_rank(neg(ts_rank(turnover_rate, 20)), 5))
    9  factor_6  0.007546 0.008877  0.009462     0.905863       0.000095                                                                                                                                                                       if_else(winsorize(total_mv), adx_14, ts_rank(neg(ts_rank(turnover_rate, 20)), 5))
   10  factor_7  0.007546 0.008877  0.009462     0.905863       0.000095                                                                                                                                                                                                        if_else(volume, adx_14, ts_rank(neg(rsi_14), 5))
Loaded 50/354 symbols
Loaded 100/354 symbols
Loaded 150/354 symbols
Loaded 200/354 symbols
Loaded 250/354 symbols
  Cache outdated for 600930.SH, re-fetching enriched data.
Loaded 300/354 symbols
Loaded 350/354 symbols
